{"timestamp":"2026-05-11T06:17:30.589Z","level":"info","source":"tool","action":"execute","tool":"scip_project_tree","depth":3}
{"timestamp":"2026-05-11T06:17:30.589Z","level":"info","source":"tool","action":"index_missing","tool":"scip_project_tree"}
{"timestamp":"2026-05-11T06:17:30.590Z","level":"info","source":"tool","action":"reindex_start","tool":"scip_project_tree"}
{"timestamp":"2026-05-11T06:17:30.590Z","level":"info","source":"indexer","action":"generate_index_start","incremental":false}
{"timestamp":"2026-05-11T06:17:30.624Z","level":"info","source":"indexer","action":"adapter_start","adapter":"typescript"}
{"timestamp":"2026-05-11T06:17:54.430Z","level":"info","source":"indexer","action":"adapter_complete","adapter":"typescript"}
{"timestamp":"2026-05-11T06:17:54.430Z","level":"info","source":"indexer","action":"adapter_start","adapter":"python"}
{"timestamp":"2026-05-11T06:18:05.626Z","level":"info","source":"indexer","action":"adapter_complete","adapter":"python"}
{"timestamp":"2026-05-11T06:18:07.436Z","level":"info","source":"indexer","action":"merge_complete","documents":593}
{"timestamp":"2026-05-11T06:18:07.442Z","level":"info","source":"indexer","action":"generate_index_complete"}
{"timestamp":"2026-05-11T06:18:07.442Z","level":"info","source":"tool","action":"reindex_complete","tool":"scip_project_tree"}
{"timestamp":"2026-05-11T06:18:08.168Z","level":"info","source":"tool","action":"query_complete","tool":"scip_project_tree","modules":593}
{"timestamp":"2026-05-11T06:18:31.414Z","level":"info","source":"tool","action":"execute","tool":"scip_search_symbols","query":"LISTENER","limit":20}
{"timestamp":"2026-05-11T06:18:31.414Z","level":"info","source":"tool","action":"execute","tool":"scip_search_symbols","query":"event stream","limit":20}
{"timestamp":"2026-05-11T06:18:31.579Z","level":"info","source":"tool","action":"query_complete","tool":"scip_search_symbols","hits":0}
{"timestamp":"2026-05-11T06:18:31.669Z","level":"info","source":"tool","action":"query_complete","tool":"scip_search_symbols","hits":49}
{"timestamp":"2026-05-11T10:12:56.600Z","level":"info","source":"tool","action":"execute","tool":"scip_find_references","symbol":"subscribe","limit":20}
{"timestamp":"2026-05-11T10:12:56.659Z","level":"info","source":"tool","action":"query_complete","tool":"scip_find_references","hits":24}
{"timestamp":"2026-05-11T10:15:31.613Z","level":"info","source":"tool","action":"execute","tool":"scip_search_symbols","query":"test-event-endpoints","limit":20}
{"timestamp":"2026-05-11T10:15:31.724Z","level":"info","source":"tool","action":"query_complete","tool":"scip_search_symbols","hits":0}
{"timestamp":"2026-05-11T10:23:48.628Z","level":"info","source":"tool","action":"execute","tool":"scip_find_definition","symbol":"ensureSingleServer"}
{"timestamp":"2026-05-11T10:23:48.754Z","level":"info","source":"tool","action":"query_complete","tool":"scip_find_definition","hits":2}
{"timestamp":"2026-05-12T04:54:53.163Z","level":"info","source":"tool","action":"execute","tool":"scip_project_tree","depth":3}
{"timestamp":"2026-05-12T04:54:53.768Z","level":"info","source":"tool","action":"query_complete","tool":"scip_project_tree","modules":593}
{"timestamp":"2026-05-12T04:55:00.800Z","level":"info","source":"tool","action":"execute","tool":"scip_search_symbols","query":"channel_directory","limit":20}
{"timestamp":"2026-05-12T04:55:00.800Z","level":"info","source":"tool","action":"execute","tool":"scip_search_symbols","query":"discordServer","limit":20}
{"timestamp":"2026-05-12T04:55:00.800Z","level":"info","source":"tool","action":"execute","tool":"scip_search_symbols","query":"project_directory","limit":20}
{"timestamp":"2026-05-12T04:55:00.944Z","level":"info","source":"tool","action":"query_complete","tool":"scip_search_symbols","hits":0}
{"timestamp":"2026-05-12T04:55:01.020Z","level":"info","source":"tool","action":"query_complete","tool":"scip_search_symbols","hits":0}
{"timestamp":"2026-05-12T04:55:01.100Z","level":"info","source":"tool","action":"query_complete","tool":"scip_search_symbols","hits":87}
{"timestamp":"2026-05-12T04:55:06.361Z","level":"info","source":"tool","action":"execute","tool":"scip_search_symbols","query":"channel_directories","limit":20}
{"timestamp":"2026-05-12T04:55:06.361Z","level":"info","source":"tool","action":"execute","tool":"scip_search_symbols","query":"setChannelDirectory","limit":20}
{"timestamp":"2026-05-12T04:55:06.497Z","level":"info","source":"tool","action":"query_complete","tool":"scip_search_symbols","hits":704}
{"timestamp":"2026-05-12T04:55:06.576Z","level":"info","source":"tool","action":"query_complete","tool":"scip_search_symbols","hits":37}
{"timestamp":"2026-05-12T04:55:32.960Z","level":"info","source":"tool","action":"execute","tool":"scip_search_symbols","query":"AGENT.md","limit":30}
{"timestamp":"2026-05-12T04:55:33.059Z","level":"info","source":"tool","action":"query_complete","tool":"scip_search_symbols","hits":0}
{"timestamp":"2026-05-12T04:55:36.676Z","level":"info","source":"tool","action":"execute","tool":"scip_search_symbols","query":"agent_name","limit":30}
{"timestamp":"2026-05-12T04:55:36.789Z","level":"info","source":"tool","action":"query_complete","tool":"scip_search_symbols","hits":70}
{"timestamp":"2026-05-12T04:55:39.526Z","level":"info","source":"tool","action":"execute","tool":"scip_find_definition","symbol":"getChannelAgent"}
{"timestamp":"2026-05-12T04:55:39.582Z","level":"info","source":"tool","action":"query_complete","tool":"scip_find_definition","hits":2}
{"timestamp":"2026-05-12T04:55:55.462Z","level":"info","source":"tool","action":"execute","tool":"scip_search_symbols","query":"getOpencodeSystemMessage","limit":20}
{"timestamp":"2026-05-12T04:55:55.567Z","level":"info","source":"tool","action":"query_complete","tool":"scip_search_symbols","hits":12}
{"timestamp":"2026-05-12T04:56:00.039Z","level":"info","source":"tool","action":"execute","tool":"scip_search_symbols","query":"availableAgents","limit":20}
{"timestamp":"2026-05-12T04:56:00.144Z","level":"info","source":"tool","action":"query_complete","tool":"scip_search_symbols","hits":4}
{"timestamp":"2026-05-12T04:56:44.187Z","level":"info","source":"tool","action":"execute","tool":"scip_search_symbols","query":"initializeOpencodeForDirectory","limit":20}
{"timestamp":"2026-05-12T04:56:44.288Z","level":"info","source":"tool","action":"query_complete","tool":"scip_search_symbols","hits":126}
{"timestamp":"2026-05-12T04:57:28.893Z","level":"info","source":"tool","action":"execute","tool":"scip_search_symbols","query":"guild","limit":20}
{"timestamp":"2026-05-12T04:57:29.015Z","level":"info","source":"tool","action":"query_complete","tool":"scip_search_symbols","hits":3444}
{"timestamp":"2026-05-12T04:57:57.049Z","level":"info","source":"tool","action":"execute","tool":"scip_search_symbols","query":"setBotToken","limit":20}
{"timestamp":"2026-05-12T04:57:57.171Z","level":"info","source":"tool","action":"query_complete","tool":"scip_search_symbols","hits":27}
{"timestamp":"2026-05-12T04:58:18.194Z","level":"info","source":"tool","action":"execute","tool":"scip_find_definition","symbol":"getChannelDirectory"}
{"timestamp":"2026-05-12T04:58:18.254Z","level":"info","source":"tool","action":"query_complete","tool":"scip_find_definition","hits":2}
{"timestamp":"2026-05-12T04:58:31.001Z","level":"info","source":"tool","action":"execute","tool":"scip_find_references","symbol":"getChannelDirectory","limit":30}
{"timestamp":"2026-05-12T04:58:31.064Z","level":"info","source":"tool","action":"query_complete","tool":"scip_find_references","hits":40}
{"timestamp":"2026-05-12T04:59:40.960Z","level":"info","source":"tool","action":"execute","tool":"scip_search_symbols","query":"resolveValidatedAgentPreference","limit":10}
{"timestamp":"2026-05-12T04:59:41.086Z","level":"info","source":"tool","action":"query_complete","tool":"scip_search_symbols","hits":11}
{"timestamp":"2026-05-12T06:35:36.416Z","level":"info","source":"tool","action":"execute","tool":"scip_search_symbols","query":"guild_id","limit":10}
{"timestamp":"2026-05-12T06:35:36.533Z","level":"info","source":"tool","action":"query_complete","tool":"scip_search_symbols","hits":210}
{"timestamp":"2026-05-12T06:37:10.303Z","level":"info","source":"tool","action":"execute","tool":"scip_find_definition","symbol":"kimaki project"}
{"timestamp":"2026-05-12T06:37:10.350Z","level":"info","source":"tool","action":"query_complete","tool":"scip_find_definition","hits":0}
{"timestamp":"2026-05-12T06:40:42.051Z","level":"info","source":"tool","action":"execute","tool":"scip_find_references","symbol":"getProjectsDir","limit":30}
{"timestamp":"2026-05-12T06:40:42.112Z","level":"info","source":"tool","action":"query_complete","tool":"scip_find_references","hits":17}
{"timestamp":"2026-05-12T06:41:16.576Z","level":"info","source":"tool","action":"execute","tool":"scip_search_symbols","query":"channelCreate","limit":10}
{"timestamp":"2026-05-12T06:41:16.698Z","level":"info","source":"tool","action":"query_complete","tool":"scip_search_symbols","hits":92}
{"timestamp":"2026-05-12T06:41:38.347Z","level":"info","source":"tool","action":"execute","tool":"scip_search_symbols","query":"Events.ClientGuild","limit":15}
{"timestamp":"2026-05-12T06:41:38.472Z","level":"info","source":"tool","action":"query_complete","tool":"scip_search_symbols","hits":0}
{"timestamp":"2026-05-12T06:41:47.160Z","level":"info","source":"tool","action":"execute","tool":"scip_find_references","symbol":"Events","limit":15}
{"timestamp":"2026-05-12T06:41:47.233Z","level":"info","source":"tool","action":"query_complete","tool":"scip_find_references","hits":2329}
{"timestamp":"2026-05-12T06:45:46.151Z","level":"info","source":"tool","action":"execute","tool":"scip_find_references","symbol":"Events.MessageCreate","limit":5}
{"timestamp":"2026-05-12T06:45:46.200Z","level":"info","source":"tool","action":"query_complete","tool":"scip_find_references","hits":0}
{"timestamp":"2026-05-12T06:56:25.178Z","level":"info","source":"tool","action":"execute","tool":"scip_find_definition","symbol":"createDiscordClient"}
{"timestamp":"2026-05-12T06:56:25.247Z","level":"info","source":"tool","action":"query_complete","tool":"scip_find_definition","hits":1}
{"timestamp":"2026-05-12T06:56:38.428Z","level":"info","source":"tool","action":"execute","tool":"scip_search_symbols","query":"createDiscordClient","limit":5}
{"timestamp":"2026-05-12T06:56:38.587Z","level":"info","source":"tool","action":"query_complete","tool":"scip_search_symbols","hits":18}
{"timestamp":"2026-05-12T09:39:46.847Z","level":"info","source":"tool","action":"execute","tool":"scip_search_symbols","query":"AGENTS.md","limit":5}
{"timestamp":"2026-05-12T09:39:46.963Z","level":"info","source":"tool","action":"query_complete","tool":"scip_search_symbols","hits":0}
{"timestamp":"2026-05-12T11:06:14.091Z","level":"info","source":"tool","action":"execute","tool":"scip_project_tree","depth":3}
{"timestamp":"2026-05-12T11:06:14.734Z","level":"info","source":"tool","action":"query_complete","tool":"scip_project_tree","modules":593}
{"timestamp":"2026-05-12T11:06:36.070Z","level":"info","source":"tool","action":"execute","tool":"scip_search_symbols","query":"model command slash","limit":30}
{"timestamp":"2026-05-12T11:06:36.190Z","level":"info","source":"tool","action":"query_complete","tool":"scip_search_symbols","hits":0}
{"timestamp":"2026-05-12T11:06:45.047Z","level":"info","source":"tool","action":"execute","tool":"scip_search_symbols","query":"slash","limit":30}
{"timestamp":"2026-05-12T11:06:45.212Z","level":"info","source":"tool","action":"query_complete","tool":"scip_search_symbols","hits":113}
{"timestamp":"2026-05-12T11:17:08.165Z","level":"info","source":"tool","action":"execute","tool":"scip_find_definition","symbol":"getKimakiMetadata","file":"cli/src/commands/model.ts"}
{"timestamp":"2026-05-12T11:17:08.254Z","level":"info","source":"tool","action":"query_complete","tool":"scip_find_definition","hits":3}
{"timestamp":"2026-05-12T11:27:27.277Z","level":"info","source":"tool","action":"execute","tool":"scip_find_definition","symbol":"showScopeMenu","file":"cli/src/commands/model.ts"}
{"timestamp":"2026-05-12T11:27:27.398Z","level":"info","source":"tool","action":"query_complete","tool":"scip_find_definition","hits":4}
{"timestamp":"2026-05-12T16:17:02.382Z","level":"info","source":"tool","action":"execute","tool":"scip_search_symbols","query":"pi-coding-agent","limit":20}
{"timestamp":"2026-05-12T16:17:03.123Z","level":"info","source":"tool","action":"query_complete","tool":"scip_search_symbols","hits":0}
{"timestamp":"2026-05-14T03:36:11.960Z","level":"info","source":"tool","action":"execute","tool":"scip_project_tree","depth":3}
{"timestamp":"2026-05-14T03:36:12.672Z","level":"info","source":"tool","action":"query_complete","tool":"scip_project_tree","modules":593}
{"timestamp":"2026-05-14T03:36:23.495Z","level":"info","source":"tool","action":"execute","tool":"scip_search_symbols","query":"ASR","limit":20}
{"timestamp":"2026-05-14T03:36:23.630Z","level":"info","source":"tool","action":"query_complete","tool":"scip_search_symbols","hits":56}
{"timestamp":"2026-05-14T03:37:21.231Z","level":"info","source":"tool","action":"execute","tool":"scip_search_symbols","query":"global.event","limit":20}
{"timestamp":"2026-05-14T03:37:21.397Z","level":"info","source":"tool","action":"query_complete","tool":"scip_search_symbols","hits":0}
{"timestamp":"2026-05-29T12:30:47.459Z","level":"info","source":"tool","action":"execute","tool":"scip_search_symbols","query":"recordModelUsage","limit":20}
{"timestamp":"2026-05-29T12:30:47.460Z","level":"info","source":"tool","action":"execute","tool":"scip_search_symbols","query":"setGlobalModel","limit":20}
{"timestamp":"2026-05-29T12:30:48.187Z","level":"info","source":"tool","action":"query_complete","tool":"scip_search_symbols","hits":5}
{"timestamp":"2026-05-29T12:30:48.786Z","level":"info","source":"tool","action":"query_complete","tool":"scip_search_symbols","hits":0}
{"timestamp":"2026-06-07T03:18:23.002Z","level":"info","source":"tool","action":"execute","tool":"scip_project_tree","depth":3}
{"timestamp":"2026-06-07T03:18:23.660Z","level":"info","source":"tool","action":"query_complete","tool":"scip_project_tree","modules":593}
{"timestamp":"2026-06-07T03:18:27.283Z","level":"info","source":"tool","action":"execute","tool":"scip_search_symbols","query":"upgrade","limit":20}
{"timestamp":"2026-06-07T03:18:27.283Z","level":"info","source":"tool","action":"execute","tool":"scip_search_symbols","query":"background","limit":20}
{"timestamp":"2026-06-07T03:18:27.439Z","level":"info","source":"tool","action":"query_complete","tool":"scip_search_symbols","hits":23}
{"timestamp":"2026-06-07T03:18:27.520Z","level":"info","source":"tool","action":"query_complete","tool":"scip_search_symbols","hits":13}
{"timestamp":"2026-06-07T03:18:36.609Z","level":"info","source":"tool","action":"execute","tool":"scip_find_references","symbol":"backgroundUpgradeKimaki","limit":50}
{"timestamp":"2026-06-07T03:18:36.656Z","level":"info","source":"tool","action":"query_complete","tool":"scip_find_references","hits":3}
{"timestamp":"2026-06-07T03:18:42.235Z","level":"info","source":"tool","action":"execute","tool":"scip_find_references","symbol":"isNpmLinked","limit":50}
{"timestamp":"2026-06-07T03:18:42.282Z","level":"info","source":"tool","action":"query_complete","tool":"scip_find_references","hits":2}
{"timestamp":"2026-06-07T03:20:02.088Z","level":"info","source":"tool","action":"execute","tool":"scip_search_symbols","query":"dataDir","limit":20}
{"timestamp":"2026-06-07T03:20:02.184Z","level":"info","source":"tool","action":"query_complete","tool":"scip_search_symbols","hits":180}
{"timestamp":"2026-06-07T03:28:00.465Z","level":"info","source":"tool","action":"execute","tool":"scip_project_tree","depth":3}
{"timestamp":"2026-06-07T03:28:01.104Z","level":"info","source":"tool","action":"query_complete","tool":"scip_project_tree","modules":593}
{"timestamp":"2026-06-07T03:28:06.807Z","level":"info","source":"tool","action":"execute","tool":"scip_search_symbols","query":"Kemaki","limit":20}
{"timestamp":"2026-06-07T03:28:06.902Z","level":"info","source":"tool","action":"query_complete","tool":"scip_search_symbols","hits":0}
{"timestamp":"2026-06-07T03:28:20.104Z","level":"info","source":"tool","action":"execute","tool":"scip_search_symbols","query":"sendMessage","limit":30}
{"timestamp":"2026-06-07T03:28:20.252Z","level":"info","source":"tool","action":"query_complete","tool":"scip_search_symbols","hits":145}
{"timestamp":"2026-06-07T03:28:23.318Z","level":"info","source":"tool","action":"execute","tool":"scip_search_symbols","query":"startThinking","limit":30}
{"timestamp":"2026-06-07T03:28:23.415Z","level":"info","source":"tool","action":"query_complete","tool":"scip_search_symbols","hits":0}
{"timestamp":"2026-06-07T03:28:27.259Z","level":"info","source":"tool","action":"execute","tool":"scip_search_symbols","query":"thinking","limit":20}
{"timestamp":"2026-06-07T03:28:27.357Z","level":"info","source":"tool","action":"query_complete","tool":"scip_search_symbols","hits":19}
{"timestamp":"2026-06-07T03:28:34.112Z","level":"info","source":"tool","action":"execute","tool":"scip_search_symbols","query":"typing","limit":30}
{"timestamp":"2026-06-07T03:28:34.205Z","level":"info","source":"tool","action":"query_complete","tool":"scip_search_symbols","hits":328}
{"timestamp":"2026-06-07T03:28:51.582Z","level":"info","source":"tool","action":"execute","tool":"scip_search_symbols","query":"createOpencodeClient","limit":30}
{"timestamp":"2026-06-07T03:28:51.691Z","level":"info","source":"tool","action":"query_complete","tool":"scip_search_symbols","hits":0}
{"timestamp":"2026-06-07T03:29:02.035Z","level":"info","source":"tool","action":"execute","tool":"scip_search_symbols","query":"promptAsync","limit":30}
{"timestamp":"2026-06-07T03:29:02.123Z","level":"info","source":"tool","action":"query_complete","tool":"scip_search_symbols","hits":7}
{"timestamp":"2026-06-07T03:29:07.510Z","level":"info","source":"tool","action":"execute","tool":"scip_search_symbols","query":"session.create","limit":30}
{"timestamp":"2026-06-07T03:29:07.600Z","level":"info","source":"tool","action":"query_complete","tool":"scip_search_symbols","hits":0}
{"timestamp":"2026-06-07T03:29:17.909Z","level":"info","source":"tool","action":"execute","tool":"scip_search_symbols","query":"getCurrentModelInfo","limit":30}
{"timestamp":"2026-06-07T03:29:18.018Z","level":"info","source":"tool","action":"query_complete","tool":"scip_search_symbols","hits":12}
{"timestamp":"2026-06-07T03:29:29.332Z","level":"info","source":"tool","action":"execute","tool":"scip_search_symbols","query":"ensureTypingNow","limit":20}
{"timestamp":"2026-06-07T03:29:29.443Z","level":"info","source":"tool","action":"query_complete","tool":"scip_search_symbols","hits":4}
{"timestamp":"2026-06-07T03:29:41.390Z","level":"info","source":"tool","action":"execute","tool":"scip_search_symbols","query":"createSession","limit":20}
{"timestamp":"2026-06-07T03:29:41.479Z","level":"info","source":"tool","action":"query_complete","tool":"scip_search_symbols","hits":10}
{"timestamp":"2026-06-07T03:29:59.886Z","level":"info","source":"tool","action":"execute","tool":"scip_search_symbols","query":"enqueueIncoming","limit":30}
{"timestamp":"2026-06-07T03:29:59.983Z","level":"info","source":"tool","action":"query_complete","tool":"scip_search_symbols","hits":14}
{"timestamp":"2026-06-07T03:31:18.874Z","level":"info","source":"tool","action":"execute","tool":"scip_search_symbols","query":"getOpencodeClient","limit":20}
{"timestamp":"2026-06-07T03:31:18.968Z","level":"info","source":"tool","action":"query_complete","tool":"scip_search_symbols","hits":32}
{"timestamp":"2026-06-07T03:34:58.793Z","level":"info","source":"tool","action":"execute","tool":"scip_search_symbols","query":"Created thread","limit":10}
{"timestamp":"2026-06-07T03:34:58.892Z","level":"info","source":"tool","action":"query_complete","tool":"scip_search_symbols","hits":0}
{"timestamp":"2026-06-07T03:36:18.001Z","level":"info","source":"tool","action":"execute","tool":"scip_search_symbols","query":"preprocessNewThreadMessage","limit":10}
{"timestamp":"2026-06-07T03:36:18.095Z","level":"info","source":"tool","action":"query_complete","tool":"scip_search_symbols","hits":3}
{"timestamp":"2026-06-07T03:36:27.555Z","level":"info","source":"tool","action":"execute","tool":"scip_find_definition","symbol":"initializeOpencodeForDirectory"}
{"timestamp":"2026-06-07T03:36:27.606Z","level":"info","source":"tool","action":"query_complete","tool":"scip_find_definition","hits":5}
{"timestamp":"2026-06-07T03:38:07.004Z","level":"info","source":"tool","action":"execute","tool":"scip_find_definition","symbol":"getOrCreateRuntime"}
{"timestamp":"2026-06-07T03:38:07.045Z","level":"info","source":"tool","action":"query_complete","tool":"scip_find_definition","hits":2}
{"timestamp":"2026-06-07T03:38:22.182Z","level":"info","source":"tool","action":"execute","tool":"scip_find_definition","symbol":"ensureSingleServer"}
{"timestamp":"2026-06-07T03:38:22.235Z","level":"info","source":"tool","action":"query_complete","tool":"scip_find_definition","hits":2}
{"timestamp":"2026-06-07T03:40:12.957Z","level":"info","source":"tool","action":"execute","tool":"scip_find_references","symbol":"getOrCreateRuntime","limit":50}
{"timestamp":"2026-06-07T03:40:13.003Z","level":"info","source":"tool","action":"query_complete","tool":"scip_find_references","hits":28}
